https://github.com/juansalinasaedo/calculadora10.giu

prueba ejercicio6 punto 4 
